[2025-08-25 21:25:38,862] 1025 httpx - INFO - HTTP Request: GET https://dagshub.com/api/v1/user "HTTP/1.1 200 OK"
[2025-08-25 21:25:38,862] 107 dagshub - INFO - Accessing as soishi570
[2025-08-25 21:25:40,029] 1025 httpx - INFO - HTTP Request: GET https://dagshub.com/api/v1/repos/soishi570/NetworkSecurity-DataScienceProject "HTTP/1.1 200 OK"
[2025-08-25 21:25:41,151] 1025 httpx - INFO - HTTP Request: GET https://dagshub.com/api/v1/user "HTTP/1.1 200 OK"
[2025-08-25 21:25:41,151] 107 dagshub - INFO - Initialized MLflow to track repo "soishi570/NetworkSecurity-DataScienceProject"
[2025-08-25 21:25:41,151] 107 dagshub - INFO - Repository soishi570/NetworkSecurity-DataScienceProject initialized!
[2025-08-25 21:25:48,324] 63 root - INFO - Performed train test split on the dataframe
[2025-08-25 21:25:48,324] 65 root - INFO - Exited split_data_as_train_test method of Data Ingestion class
[2025-08-25 21:25:48,324] 72 root - INFO - Exporting train and test file path
[2025-08-25 21:25:48,391] 77 root - INFO - Exported train and test file path
[2025-08-25 21:25:48,419] 35 root - INFO - required number of columns: 2
[2025-08-25 21:25:48,419] 36 root - INFO - Dataframe has columns:31
[2025-08-25 21:25:48,419] 35 root - INFO - required number of columns: 2
[2025-08-25 21:25:48,419] 36 root - INFO - Dataframe has columns:31
[2025-08-25 21:25:48,558] 56 root - INFO - Entered initiate_data_transformation method of DataTransformation class
[2025-08-25 21:25:48,558] 58 root - INFO - Starting data transformation
[2025-08-25 21:25:48,589] 46 root - INFO - Entered get_data_transformed_object method of transformation class.
[2025-08-25 21:25:48,589] 49 root - INFO - Initialise KNNImputer with {'missing_values': nan, 'n_neighbors': 3, 'weights': 'uniform'}
[2025-08-25 21:25:48,603] 47 root - INFO - Entered the save object method of MainUtils class
[2025-08-25 21:25:48,606] 51 root - INFO - Exited the save_obj method of mainutils class
[2025-08-25 21:25:48,606] 47 root - INFO - Entered the save object method of MainUtils class
[2025-08-25 21:25:48,611] 51 root - INFO - Exited the save_obj method of mainutils class
[2025-08-25 21:55:42,863] 47 root - INFO - Entered the save object method of MainUtils class
[2025-08-25 21:55:42,873] 51 root - INFO - Exited the save_obj method of mainutils class
[2025-08-25 21:55:42,873] 47 root - INFO - Entered the save object method of MainUtils class
[2025-08-25 21:55:42,878] 51 root - INFO - Exited the save_obj method of mainutils class
[2025-08-25 21:55:42,878] 161 root - INFO - Model trainer artifact: ModelTrainerArtifact(trained_model_file_path='Artifacts\\model_trainer\\trained_model\\model.pkl', train_metric_artifact=ClassificationMetricArtifact(f1_score=0.9915521628498728, precision_score=0.9904432696217975, recall_score=0.9926635418789485), test_metric_artifact=ClassificationMetricArtifact(f1_score=0.9745627980922098, precision_score=0.9684044233807267, recall_score=0.9808))
